
> temp-app@0.1.0 dev
> next dev -p 3000 -H 0.0.0.0

▲ Next.js 16.1.6 (Turbopack)
- Local:         http://localhost:3000
- Network:       http://0.0.0.0:3000
- Experiments (use with caution):
  · serverActions

✓ Starting...
Attention: Next.js now collects completely anonymous telemetry regarding usage.
This information is used to shape Next.js' roadmap and prioritize features.
You can learn more, including how to opt-out if you'd not like to participate in this anonymous program, by visiting the following URL:
https://nextjs.org/telemetry

✓ Ready in 1071ms
○ Compiling / ...
 GET / 200 in 5.8s (compile: 4.3s, render: 1483ms)
 GET /terms 200 in 951ms (compile: 571ms, render: 380ms)
 GET /privacy 200 in 743ms (compile: 381ms, render: 361ms)
 GET /contact 200 in 542ms (compile: 445ms, render: 97ms)
 GET /account 200 in 604ms (compile: 341ms, render: 263ms)
 GET /categories/games-comics 200 in 2.1s (compile: 1171ms, generate-params: 735ms, render: 976ms)
 GET /search?q=cat 200 in 556ms (compile: 468ms, render: 88ms)
✓ Compiled in 30ms
